// Jest Snapshot v1, https://goo.gl/fbAQLP

exports[`Fade renders a initial view 1`] = `"<div class="react-reveal">Test test</div>"`;
